2D-PBTCl.xyz
copying 2D-PBTCl.xyz
copying 3BDT-5.xyz
copying BSCI-C2.xyz
2D-PBTCl.xyz
3BDT-5.xyz
BSCI-C2.xyz
